// Jest Snapshot v1, https://goo.gl/fbAQLP

exports[`Register Container should generate snapshot 1`] = `
<div>
  <div
    class="MuiGrid-root css-136s2ky-MuiGrid-root"
  >
    &gt;
    <div
      class="MuiPaper-root MuiPaper-elevation MuiPaper-rounded MuiPaper-elevation1 MuiCard-root css-b2pbdi-MuiPaper-root-MuiCard-root"
    >
      <div
        class="MuiCardContent-root css-46bh2p-MuiCardContent-root"
      >
        <div
          class="MuiStepper-root MuiStepper-horizontal css-m5vj9m-MuiStepper-root"
        >
          <div
            class="MuiStep-root MuiStep-horizontal css-1bw0nnu-MuiStep-root"
            role="custom-step"
          >
            <span
              class="MuiStepLabel-root MuiStepLabel-horizontal css-ascpo7-MuiStepLabel-root"
            >
              <span
                class="MuiStepLabel-iconContainer css-vnkopk-MuiStepLabel-iconContainer"
              >
                <svg
                  aria-hidden="true"
                  class="MuiSvgIcon-root MuiSvgIcon-fontSizeMedium MuiStepIcon-root Mui-active css-1u4zpwo-MuiSvgIcon-root-MuiStepIcon-root"
                  focusable="false"
                  viewBox="0 0 24 24"
                >
                  <circle
                    cx="12"
                    cy="12"
                    r="12"
                  />
                  <text
                    class="MuiStepIcon-text css-117w1su-MuiStepIcon-text"
                    text-anchor="middle"
                    x="12"
                    y="16"
                  >
                    1
                  </text>
                </svg>
              </span>
              <span
                class="MuiStepLabel-labelContainer css-16ubnlw-MuiStepLabel-labelContainer"
              >
                <span
                  class="MuiStepLabel-label Mui-active css-qivjh0-MuiStepLabel-label"
                >
                  Cadastro
                </span>
              </span>
            </span>
          </div>
          <div
            class="MuiStepConnector-root MuiStepConnector-horizontal Mui-disabled css-j5w0w9-MuiStepConnector-root"
          >
            <span
              class="MuiStepConnector-line MuiStepConnector-lineHorizontal css-z7uhs0-MuiStepConnector-line"
            />
          </div>
          <div
            class="MuiStep-root MuiStep-horizontal css-1bw0nnu-MuiStep-root"
            role="custom-step"
          >
            <span
              class="MuiStepLabel-root MuiStepLabel-horizontal Mui-disabled css-ascpo7-MuiStepLabel-root"
            >
              <span
                class="MuiStepLabel-iconContainer css-vnkopk-MuiStepLabel-iconContainer"
              >
                <svg
                  aria-hidden="true"
                  class="MuiSvgIcon-root MuiSvgIcon-fontSizeMedium MuiStepIcon-root css-1u4zpwo-MuiSvgIcon-root-MuiStepIcon-root"
                  focusable="false"
                  viewBox="0 0 24 24"
                >
                  <circle
                    cx="12"
                    cy="12"
                    r="12"
                  />
                  <text
                    class="MuiStepIcon-text css-117w1su-MuiStepIcon-text"
                    text-anchor="middle"
                    x="12"
                    y="16"
                  >
                    2
                  </text>
                </svg>
              </span>
              <span
                class="MuiStepLabel-labelContainer css-16ubnlw-MuiStepLabel-labelContainer"
              >
                <span
                  class="MuiStepLabel-label Mui-disabled css-qivjh0-MuiStepLabel-label"
                >
                  Receita do Sucesso
                </span>
              </span>
            </span>
          </div>
        </div>
        <div
          class="MuiGrid-root css-vj1n65-MuiGrid-root"
        >
          <p
            class="MuiTypography-root MuiTypography-p MuiTypography-gutterBottom css-1apbhbw-MuiTypography-root"
          >
            Preencha os campos abaixo para realizar o cadastro na plataforma
          </p>
          <form>
            <div
              class="MuiGrid-root MuiGrid-container MuiGrid-spacing-xs-2 MuiGrid-direction-xs-column css-1rl1og4-MuiGrid-root"
            >
              <div
                class="MuiGrid-root MuiGrid-item css-13i4rnv-MuiGrid-root"
              >
                <div
                  class="MuiFormControl-root MuiFormControl-fullWidth MuiTextField-root css-wb57ya-MuiFormControl-root-MuiTextField-root"
                >
                  <label
                    class="MuiInputLabel-root MuiInputLabel-formControl MuiInputLabel-animated MuiInputLabel-outlined MuiFormLabel-root MuiFormLabel-colorPrimary css-14s5rfu-MuiFormLabel-root-MuiInputLabel-root"
                    data-shrink="false"
                    for="username"
                    id="username-label"
                  >
                    Usuário
                  </label>
                  <div
                    class="MuiOutlinedInput-root MuiInputBase-root MuiInputBase-colorPrimary MuiInputBase-fullWidth MuiInputBase-formControl css-md26zr-MuiInputBase-root-MuiOutlinedInput-root"
                  >
                    <input
                      aria-invalid="false"
                      class="MuiOutlinedInput-input MuiInputBase-input css-1t8l2tu-MuiInputBase-input-MuiOutlinedInput-input"
                      data-testid="username"
                      id="username"
                      name="username"
                      type="text"
                      value=""
                    />
                    <fieldset
                      aria-hidden="true"
                      class="MuiOutlinedInput-notchedOutline css-1d3z3hw-MuiOutlinedInput-notchedOutline"
                    >
                      <legend
                        class="css-dhh0px"
                      >
                        <span>
                          Usuário
                        </span>
                      </legend>
                    </fieldset>
                  </div>
                </div>
              </div>
              <div
                class="MuiGrid-root MuiGrid-item css-13i4rnv-MuiGrid-root"
              >
                <div
                  class="MuiFormControl-root MuiFormControl-fullWidth MuiTextField-root css-wb57ya-MuiFormControl-root-MuiTextField-root"
                >
                  <label
                    class="MuiInputLabel-root MuiInputLabel-formControl MuiInputLabel-animated MuiInputLabel-outlined MuiFormLabel-root MuiFormLabel-colorPrimary css-14s5rfu-MuiFormLabel-root-MuiInputLabel-root"
                    data-shrink="false"
                    for="email"
                    id="email-label"
                  >
                    E-mail
                  </label>
                  <div
                    class="MuiOutlinedInput-root MuiInputBase-root MuiInputBase-colorPrimary MuiInputBase-fullWidth MuiInputBase-formControl css-md26zr-MuiInputBase-root-MuiOutlinedInput-root"
                  >
                    <input
                      aria-invalid="false"
                      class="MuiOutlinedInput-input MuiInputBase-input css-1t8l2tu-MuiInputBase-input-MuiOutlinedInput-input"
                      data-testid="email"
                      id="email"
                      name="email"
                      type="email"
                      value=""
                    />
                    <fieldset
                      aria-hidden="true"
                      class="MuiOutlinedInput-notchedOutline css-1d3z3hw-MuiOutlinedInput-notchedOutline"
                    >
                      <legend
                        class="css-dhh0px"
                      >
                        <span>
                          E-mail
                        </span>
                      </legend>
                    </fieldset>
                  </div>
                </div>
              </div>
              <div
                class="MuiGrid-root MuiGrid-item css-13i4rnv-MuiGrid-root"
              >
                <div
                  class="MuiFormControl-root MuiFormControl-fullWidth MuiTextField-root css-wb57ya-MuiFormControl-root-MuiTextField-root"
                >
                  <label
                    class="MuiInputLabel-root MuiInputLabel-formControl MuiInputLabel-animated MuiInputLabel-outlined MuiFormLabel-root MuiFormLabel-colorPrimary css-14s5rfu-MuiFormLabel-root-MuiInputLabel-root"
                    data-shrink="false"
                    for="password"
                    id="password-label"
                  >
                    Senha
                  </label>
                  <div
                    class="MuiOutlinedInput-root MuiInputBase-root MuiInputBase-colorPrimary MuiInputBase-fullWidth MuiInputBase-formControl css-md26zr-MuiInputBase-root-MuiOutlinedInput-root"
                  >
                    <input
                      aria-invalid="false"
                      class="MuiOutlinedInput-input MuiInputBase-input css-1t8l2tu-MuiInputBase-input-MuiOutlinedInput-input"
                      data-testid="password"
                      id="password"
                      name="password"
                      type="password"
                      value=""
                    />
                    <fieldset
                      aria-hidden="true"
                      class="MuiOutlinedInput-notchedOutline css-1d3z3hw-MuiOutlinedInput-notchedOutline"
                    >
                      <legend
                        class="css-dhh0px"
                      >
                        <span>
                          Senha
                        </span>
                      </legend>
                    </fieldset>
                  </div>
                </div>
              </div>
              <div
                class="MuiGrid-root MuiGrid-item css-13i4rnv-MuiGrid-root"
              >
                <div
                  class="MuiFormControl-root MuiFormControl-fullWidth MuiTextField-root css-wb57ya-MuiFormControl-root-MuiTextField-root"
                >
                  <label
                    class="MuiInputLabel-root MuiInputLabel-formControl MuiInputLabel-animated MuiInputLabel-outlined MuiFormLabel-root MuiFormLabel-colorPrimary css-14s5rfu-MuiFormLabel-root-MuiInputLabel-root"
                    data-shrink="false"
                    for="confirmPassword"
                    id="confirmPassword-label"
                  >
                    Confirme a senha
                  </label>
                  <div
                    class="MuiOutlinedInput-root MuiInputBase-root MuiInputBase-colorPrimary MuiInputBase-fullWidth MuiInputBase-formControl css-md26zr-MuiInputBase-root-MuiOutlinedInput-root"
                  >
                    <input
                      aria-invalid="false"
                      class="MuiOutlinedInput-input MuiInputBase-input css-1t8l2tu-MuiInputBase-input-MuiOutlinedInput-input"
                      data-testid="confirmPassword"
                      id="confirmPassword"
                      name="confirmPassword"
                      type="password"
                      value=""
                    />
                    <fieldset
                      aria-hidden="true"
                      class="MuiOutlinedInput-notchedOutline css-1d3z3hw-MuiOutlinedInput-notchedOutline"
                    >
                      <legend
                        class="css-dhh0px"
                      >
                        <span>
                          Confirme a senha
                        </span>
                      </legend>
                    </fieldset>
                  </div>
                </div>
              </div>
              <div
                class="MuiGrid-root MuiGrid-item css-13i4rnv-MuiGrid-root"
              >
                <button
                  class="MuiButton-root MuiButton-contained MuiButton-containedPrimary MuiButton-sizeMedium MuiButton-containedSizeMedium MuiButtonBase-root css-sghohy-MuiButtonBase-root-MuiButton-root"
                  data-testid="submit-button"
                  tabindex="0"
                  type="submit"
                >
                  Próximo
                  <span
                    class="MuiTouchRipple-root css-8je8zh-MuiTouchRipple-root"
                  />
                </button>
              </div>
            </div>
          </form>
        </div>
      </div>
    </div>
  </div>
</div>
`;
