// Jest Snapshot v1, https://goo.gl/fbAQLP

exports[`Dashboard Container should generate snapshot 1`] = `
<div>
  <div
    class="MuiContainer-root MuiContainer-maxWidthLg MuiContainer-fixed css-1ss2ei0-MuiContainer-root"
  >
    <br />
    <div
      class="MuiPaper-root MuiPaper-elevation MuiPaper-rounded MuiPaper-elevation1 MuiCard-root css-bhp9pd-MuiPaper-root-MuiCard-root"
    >
      <div
        class="MuiCardContent-root css-46bh2p-MuiCardContent-root"
      >
        <nav
          aria-label="breadcrumb"
          class="MuiTypography-root MuiTypography-body1 MuiBreadcrumbs-root css-63vwl1-MuiTypography-root-MuiBreadcrumbs-root"
        >
          <ol
            class="MuiBreadcrumbs-ol css-4pdmu4-MuiBreadcrumbs-ol"
          >
            <li
              class="MuiBreadcrumbs-li"
            >
              <a
                class="MuiTypography-root MuiTypography-body2 MuiLink-root MuiLink-underlineHover css-9smqfy-MuiTypography-root-MuiLink-root"
                data-testid="bread-firstlevel"
                href="/"
              >
                Início
              </a>
            </li>
            <li
              aria-hidden="true"
              class="MuiBreadcrumbs-separator css-1wuw8dw-MuiBreadcrumbs-separator"
            >
              ›
            </li>
            <li
              class="MuiBreadcrumbs-li"
            >
              <a
                class="MuiTypography-root MuiTypography-body2 MuiLink-root MuiLink-underlineHover css-9smqfy-MuiTypography-root-MuiLink-root"
                data-testid="bread-secondlevel"
                href="/"
              >
                Dashboard
              </a>
            </li>
            <li
              aria-hidden="true"
              class="MuiBreadcrumbs-separator css-1wuw8dw-MuiBreadcrumbs-separator"
            >
              ›
            </li>
            <li
              class="MuiBreadcrumbs-li"
            >
              <p
                class="MuiTypography-root MuiTypography-body2 css-1yr8029-MuiTypography-root"
                data-testid="bread-lastlevel"
              >
                Novo
              </p>
            </li>
          </ol>
        </nav>
        <h1
          class="MuiTypography-root MuiTypography-h5 MuiTypography-gutterBottom css-1y15g74-MuiTypography-root"
        >
          Novo Ganho
        </h1>
        <form>
          <div
            class="MuiGrid-root MuiGrid-container MuiGrid-spacing-xs-2 MuiGrid-direction-xs-column css-1rl1og4-MuiGrid-root"
          >
            <div
              class="MuiGrid-root MuiGrid-item css-13i4rnv-MuiGrid-root"
            >
              <div
                class="MuiFormControl-root MuiFormControl-fullWidth MuiTextField-root css-wb57ya-MuiFormControl-root-MuiTextField-root"
              >
                <label
                  class="MuiInputLabel-root MuiInputLabel-formControl MuiInputLabel-animated MuiInputLabel-outlined MuiFormLabel-root MuiFormLabel-colorPrimary css-14s5rfu-MuiFormLabel-root-MuiInputLabel-root"
                  data-shrink="false"
                  for="name"
                  id="name-label"
                >
                  Descrição
                </label>
                <div
                  class="MuiOutlinedInput-root MuiInputBase-root MuiInputBase-colorPrimary MuiInputBase-fullWidth MuiInputBase-formControl css-md26zr-MuiInputBase-root-MuiOutlinedInput-root"
                >
                  <input
                    aria-invalid="false"
                    class="MuiOutlinedInput-input MuiInputBase-input css-1t8l2tu-MuiInputBase-input-MuiOutlinedInput-input"
                    data-testid="name"
                    id="name"
                    name="name"
                    type="text"
                    value=""
                  />
                  <fieldset
                    aria-hidden="true"
                    class="MuiOutlinedInput-notchedOutline css-1d3z3hw-MuiOutlinedInput-notchedOutline"
                  >
                    <legend
                      class="css-1ftyaf0"
                    >
                      <span>
                        Descrição
                      </span>
                    </legend>
                  </fieldset>
                </div>
              </div>
            </div>
            <div
              class="MuiGrid-root MuiGrid-item css-13i4rnv-MuiGrid-root"
            >
              <div
                class="MuiFormControl-root MuiFormControl-fullWidth MuiTextField-root css-wb57ya-MuiFormControl-root-MuiTextField-root"
                inputmode="numeric"
              >
                <label
                  class="MuiInputLabel-root MuiInputLabel-formControl MuiInputLabel-animated MuiInputLabel-outlined MuiFormLabel-root MuiFormLabel-colorPrimary css-14s5rfu-MuiFormLabel-root-MuiInputLabel-root"
                  data-shrink="false"
                  for="mui-1"
                  id="mui-1-label"
                >
                  Valor
                </label>
                <div
                  class="MuiOutlinedInput-root MuiInputBase-root MuiInputBase-colorPrimary MuiInputBase-fullWidth MuiInputBase-formControl css-md26zr-MuiInputBase-root-MuiOutlinedInput-root"
                >
                  <input
                    aria-invalid="false"
                    class="MuiOutlinedInput-input MuiInputBase-input css-1t8l2tu-MuiInputBase-input-MuiOutlinedInput-input"
                    data-testid="value"
                    id="mui-1"
                    type="text"
                    value=""
                  />
                  <fieldset
                    aria-hidden="true"
                    class="MuiOutlinedInput-notchedOutline css-1d3z3hw-MuiOutlinedInput-notchedOutline"
                  >
                    <legend
                      class="css-1ftyaf0"
                    >
                      <span>
                        Valor
                      </span>
                    </legend>
                  </fieldset>
                </div>
              </div>
            </div>
            <div
              class="MuiGrid-root MuiGrid-item css-13i4rnv-MuiGrid-root"
            >
              <div
                class="MuiFormControl-root MuiFormControl-fullWidth MuiTextField-root css-wb57ya-MuiFormControl-root-MuiTextField-root"
              >
                <label
                  class="MuiInputLabel-root MuiInputLabel-formControl MuiInputLabel-animated MuiInputLabel-shrink MuiInputLabel-outlined MuiFormLabel-root MuiFormLabel-colorPrimary MuiFormLabel-filled css-1sumxir-MuiFormLabel-root-MuiInputLabel-root"
                  data-shrink="true"
                  for="mui-2"
                  id="mui-2-label"
                >
                  Data da transação
                </label>
                <div
                  class="MuiOutlinedInput-root MuiInputBase-root MuiInputBase-colorPrimary MuiInputBase-fullWidth MuiInputBase-formControl css-md26zr-MuiInputBase-root-MuiOutlinedInput-root"
                >
                  <input
                    aria-invalid="false"
                    aria-label="Choose date, selected date is May 20, 2022"
                    aria-readonly="true"
                    class="MuiOutlinedInput-input MuiInputBase-input css-1t8l2tu-MuiInputBase-input-MuiOutlinedInput-input"
                    id="mui-2"
                    readonly=""
                    type="text"
                    value="20/05/2022"
                  />
                  <fieldset
                    aria-hidden="true"
                    class="MuiOutlinedInput-notchedOutline css-1d3z3hw-MuiOutlinedInput-notchedOutline"
                  >
                    <legend
                      class="css-1in441m"
                    >
                      <span>
                        Data da transação
                      </span>
                    </legend>
                  </fieldset>
                </div>
              </div>
            </div>
            <div
              class="MuiGrid-root MuiGrid-item css-13i4rnv-MuiGrid-root"
            >
              <button
                class="MuiButton-root MuiButton-contained MuiButton-containedPrimary MuiButton-sizeMedium MuiButton-containedSizeMedium MuiButtonBase-root  css-sghohy-MuiButtonBase-root-MuiButton-root"
                data-testid="submit-button"
                tabindex="0"
                type="submit"
              >
                Salvar
                <span
                  class="MuiTouchRipple-root css-8je8zh-MuiTouchRipple-root"
                />
              </button>
            </div>
          </div>
        </form>
      </div>
    </div>
  </div>
</div>
`;
